// Jest Snapshot v1, https://goo.gl/fbAQLP

exports[`Renders correctly 1`] = `
<styled.div>
  <label
    htmlFor="mock input name"
  >
    mock label
  </label>
  "mock children"
</styled.div>
`;
