// Jest Snapshot v1, https://goo.gl/fbAQLP

exports[`Renders correctly 1`] = `
<React.Fragment>
  <styled.div />
  Connecting to server
</React.Fragment>
`;
